// Jest Snapshot v1, https://goo.gl/fbAQLP

exports[`Button should match the snapshot 1`] = `
"<div>
  <button onClick={[undefined]} className=\\"card-category-buttons people\\">
    people
  </button>
  <button onClick={[undefined]} className=\\"card-category-buttons planets\\">
    planets
  </button>
  <button onClick={[undefined]} className=\\"card-category-buttons vehicles\\">
    vehicles
  </button>
</div>"
`;
