// Jest Snapshot v1, https://goo.gl/fbAQLP

exports[`Header should match the snapshot 1`] = `
"<div>
  <h1 className=\\"main-header\\">
    SWAPI-Box
  </h1>
</div>"
`;
