// Jest Snapshot v1, https://goo.gl/fbAQLP

exports[`Scroll should match the snapshot 1`] = `
"<section className=\\"scroll-container\\">
  <div className=\\"scroll\\">
    <h3 className=\\"scroll-header\\">
      Movie
    </h3>
    <p className=\\"scroll-text\\">
       
      2019
    </p>
    <p className=\\"scroll-text\\">
       
      crawl
    </p>
  </div>
</section>"
`;
