// Jest Snapshot v1, https://goo.gl/fbAQLP

exports[`Favorite should match the snapshot 1`] = `
"<button className=\\"favorite-button\\">
  view favorites 
</button>"
`;
